// Jest Snapshot v1, https://goo.gl/fbAQLP

exports[`MapYourRoute Renders correctly 1`] = `
<div>
  <h3>
    Your Map
  </h3>
  <div>
    <div>
      Loading...
    </div>
  </div>
</div>
`;
