// Jest Snapshot v1, https://goo.gl/fbAQLP

exports[`RenderMap Renders correctly 1`] = `<renderMap />`;
